// Jest Snapshot v1, https://goo.gl/fbAQLP

exports[`Test of GifGrid.js should be a component of GifGrid 1`] = `
<Fragment>
  <h3
    className="animate__animated animate__backInLeft"
  >
    Spiderman
  </h3>
  <p
    className="animate__animated animate__flash"
  >
    Loading
  </p>
  <div
    className="card-grid"
  />
</Fragment>
`;
